ARM Linker, 5.03 [Build 76] [MDK-ARM Lite]

==============================================================================

Section Cross References

    event_groups.o(.text) refers to heap_4.o(.text) for pvPortMalloc
    event_groups.o(.text) refers to list.o(.text) for vListInitialise
    event_groups.o(.text) refers to tasks.o(.text) for vTaskSuspendAll
    event_groups.o(.text) refers to port.o(.text) for vPortEnterCritical
    event_groups.o(.text) refers to timers.o(.text) for xTimerPendFunctionCallFromISR
    heap_4.o(.text) refers to tasks.o(.text) for vTaskSuspendAll
    heap_4.o(.text) refers to heap_4.o(.data) for xStart
    heap_4.o(.text) refers to heap_4.o(.bss) for ucHeap
    lcd.o(.text) refers to sysctl.o(i.SysCtlClockGet) for SysCtlClockGet
    lcd.o(.text) refers to sysctl.o(.emb_text) for SysCtlDelay
    lcd.o(.text) refers to gpio.o(i.GPIOPinWrite) for GPIOPinWrite
    lcd.o(.text) refers to sysctl.o(i.SysCtlPeripheralEnable) for SysCtlPeripheralEnable
    lcd.o(.text) refers to sysctl.o(i.SysCtlPeripheralReady) for SysCtlPeripheralReady
    lcd.o(.text) refers to gpio.o(i.GPIOPinTypeGPIOOutput) for GPIOPinTypeGPIOOutput
    lcd.o(.text) refers to port.o(.text) for vPortEnterCritical
    lcd.o(.text) refers to c89vsnprintf.o(.text) for __c89vsnprintf
    main.o(.text) refers to tasks.o(.text) for vTaskDelay
    main.o(.text) refers to uart.o(.text) for UARTprintf
    main.o(.text) refers to sysctl.o(i.SysCtlPeripheralEnable) for SysCtlPeripheralEnable
    main.o(.text) refers to sysctl.o(i.SysCtlPeripheralReady) for SysCtlPeripheralReady
    main.o(.text) refers to gpio.o(i.GPIOPinTypeGPIOOutput) for GPIOPinTypeGPIOOutput
    main.o(.text) refers to event_groups.o(.text) for xEventGroupCreate
    main.o(.text) refers to main.o(.data) for ullIdleCount
    queue.o(.text) refers to port.o(.text) for vPortEnterCritical
    queue.o(.text) refers to tasks.o(.text) for xTaskRemoveFromEventList
    queue.o(.text) refers to list.o(.text) for vListInitialise
    queue.o(.text) refers to heap_4.o(.text) for pvPortMalloc
    queue.o(.text) refers to rt_memcpy_v6.o(.text) for __aeabi_memcpy
    startup_tm4c123.o(STACK) refers (Special) to heapauxi.o(.text) for __use_two_region_memory
    startup_tm4c123.o(HEAP) refers (Special) to heapauxi.o(.text) for __use_two_region_memory
    startup_tm4c123.o(RESET) refers (Special) to heapauxi.o(.text) for __use_two_region_memory
    startup_tm4c123.o(RESET) refers to startup_tm4c123.o(STACK) for __initial_sp
    startup_tm4c123.o(RESET) refers to startup_tm4c123.o(.text) for Reset_Handler
    startup_tm4c123.o(RESET) refers to port.o(.emb_text) for vPortSVCHandler
    startup_tm4c123.o(RESET) refers to port.o(.text) for xPortSysTickHandler
    startup_tm4c123.o(.text) refers (Special) to heapauxi.o(.text) for __use_two_region_memory
    startup_tm4c123.o(.text) refers to system_tm4c123.o(.text) for SystemInit
    startup_tm4c123.o(.text) refers to __main.o(!!!main) for __main
    startup_tm4c123.o(.text) refers to startup_tm4c123.o(HEAP) for Heap_Mem
    startup_tm4c123.o(.text) refers to startup_tm4c123.o(STACK) for Stack_Mem
    system_tm4c123.o(.text) refers to system_tm4c123.o(.data) for SystemCoreClock
    tasks.o(.text) refers to list.o(.text) for vListInitialise
    tasks.o(.text) refers to heap_4.o(.text) for pvPortMalloc
    tasks.o(.text) refers to aeabi_memset.o(.text) for __aeabi_memset
    tasks.o(.text) refers to port.o(.text) for pxPortInitialiseStack
    tasks.o(.text) refers to tasks.o(.bss) for pxReadyTasksLists
    tasks.o(.text) refers to tasks.o(.data) for pxDelayedTaskList
    tasks.o(.text) refers to timers.o(.text) for xTimerCreateTimerTask
    timers.o(.text) refers to list.o(.text) for vListInsert
    timers.o(.text) refers to tasks.o(.text) for xTaskGetSchedulerState
    timers.o(.text) refers to queue.o(.text) for xQueueGenericSend
    timers.o(.text) refers to heap_4.o(.text) for vPortFree
    timers.o(.text) refers to port.o(.text) for vPortEnterCritical
    timers.o(.text) refers to timers.o(.data) for pxOverflowTimerList
    timers.o(.text) refers to timers.o(.bss) for xActiveTimerList1
    uart.o(.text) refers to port.o(.text) for vPortEnterCritical
    uart.o(.text) refers to c89vsnprintf.o(.text) for __c89vsnprintf
    port.o(.emb_text) refers to tasks.o(.text) for vTaskSwitchContext
    port.o(.emb_text) refers to tasks.o(.data) for pxCurrentTCB
    port.o(.text) refers to port.o(.emb_text) for __asm___6_port_c_7e283542__prvEnableVFP
    port.o(.text) refers to tasks.o(.text) for xTaskIncrementTick
    port.o(.text) refers to port.o(.data) for uxCriticalNesting
    port.o(.text) refers to system_tm4c123.o(.data) for SystemCoreClock
    gpio.o(i.GPIOIntRegister) refers to gpio.o(i._GPIOIntNumberGet) for _GPIOIntNumberGet
    gpio.o(i.GPIOIntRegister) refers to interrupt.o(i.IntRegister) for IntRegister
[...]
    .ARM.Collect$$libinit$$0000001F          0x00000392   Section        0  libinit2.o(.ARM.Collect$$libinit$$0000001F)
    .ARM.Collect$$libinit$$00000021          0x00000392   Section        0  libinit2.o(.ARM.Collect$$libinit$$00000021)
    .ARM.Collect$$libinit$$00000023          0x00000392   Section        0  libinit2.o(.ARM.Collect$$libinit$$00000023)
    .ARM.Collect$$libinit$$0000002A          0x00000392   Section        0  libinit2.o(.ARM.Collect$$libinit$$0000002A)
    .ARM.Collect$$libinit$$0000002C          0x00000392   Section        0  libinit2.o(.ARM.Collect$$libinit$$0000002C)
    .ARM.Collect$$libinit$$0000002E          0x00000392   Section        0  libinit2.o(.ARM.Collect$$libinit$$0000002E)
    .ARM.Collect$$libinit$$00000030          0x00000392   Section        0  libinit2.o(.ARM.Collect$$libinit$$00000030)
    .ARM.Collect$$libinit$$00000031          0x00000392   Section        2  libinit2.o(.ARM.Collect$$libinit$$00000031)
    .ARM.Collect$$libshutdown$$00000000      0x00000394   Section        2  libshutdown.o(.ARM.Collect$$libshutdown$$00000000)
    .ARM.Collect$$libshutdown$$00000003      0x00000396   Section        0  libshutdown2.o(.ARM.Collect$$libshutdown$$00000003)
    .ARM.Collect$$libshutdown$$00000006      0x00000396   Section        0  libshutdown2.o(.ARM.Collect$$libshutdown$$00000006)
    .ARM.Collect$$libshutdown$$00000009      0x00000396   Section        0  libshutdown2.o(.ARM.Collect$$libshutdown$$00000009)
    .ARM.Collect$$libshutdown$$0000000B      0x00000396   Section        0  libshutdown2.o(.ARM.Collect$$libshutdown$$0000000B)
    .ARM.Collect$$libshutdown$$0000000E      0x00000396   Section        0  libshutdown2.o(.ARM.Collect$$libshutdown$$0000000E)
    .ARM.Collect$$libshutdown$$0000000F      0x00000396   Section        2  libshutdown2.o(.ARM.Collect$$libshutdown$$0000000F)
    .ARM.Collect$$rtentry$$00000000          0x00000398   Section        0  rtentry.o(.ARM.Collect$$rtentry$$00000000)
    .ARM.Collect$$rtentry$$00000002          0x00000398   Section        0  rtentry2.o(.ARM.Collect$$rtentry$$00000002)
    .ARM.Collect$$rtentry$$00000004          0x00000398   Section        6  rtentry4.o(.ARM.Collect$$rtentry$$00000004)
    .ARM.Collect$$rtentry$$00000009          0x0000039e   Section        0  rtentry2.o(.ARM.Collect$$rtentry$$00000009)
    .ARM.Collect$$rtentry$$0000000A          0x0000039e   Section        4  rtentry2.o(.ARM.Collect$$rtentry$$0000000A)
    .ARM.Collect$$rtentry$$0000000C          0x000003a2   Section        0  rtentry2.o(.ARM.Collect$$rtentry$$0000000C)
    .ARM.Collect$$rtentry$$0000000D          0x000003a2   Section        8  rtentry2.o(.ARM.Collect$$rtentry$$0000000D)
    .ARM.Collect$$rtexit$$00000000           0x000003aa   Section        2  rtexit.o(.ARM.Collect$$rtexit$$00000000)
    .ARM.Collect$$rtexit$$00000002           0x000003ac   Section        0  rtexit2.o(.ARM.Collect$$rtexit$$00000002)
    .ARM.Collect$$rtexit$$00000003           0x000003ac   Section        4  rtexit2.o(.ARM.Collect$$rtexit$$00000003)
    .ARM.Collect$$rtexit$$00000004           0x000003b0   Section        6  rtexit2.o(.ARM.Collect$$rtexit$$00000004)
    .emb_text                                0x000003b8   Section      182  port.o(.emb_text)
    $v0                                      0x000003b8   Number         0  port.o(.emb_text)
    .text                                    0x00000470   Section        0  event_groups.o(.text)
    prvTestWaitCondition                     0x00000661   Thumb Code    28  event_groups.o(.text)
    .text                                    0x00000910   Section        0  heap_4.o(.text)
    prvInsertBlockIntoFreeList               0x00000911   Thumb Code    96  heap_4.o(.text)
    prvHeapInit                              0x00000971   Thumb Code    98  heap_4.o(.text)
    .text                                    0x00000bc0   Section        0  list.o(.text)
    .text                                    0x00000c54   Section        0  main.o(.text)
    .text                                    0x00000d20   Section        0  queue.o(.text)
    prvCopyDataToQueue                       0x00000e3b   Thumb Code   128  queue.o(.text)
    prvNotifyQueueSetContainer               0x00000ebb   Thumb Code   134  queue.o(.text)
    prvUnlockQueue                           0x00000f41   Thumb Code   148  queue.o(.text)
    prvIsQueueFull                           0x00000fd5   Thumb Code    30  queue.o(.text)
    prvIsQueueEmpty                          0x00001263   Thumb Code    26  queue.o(.text)
    prvCopyDataFromQueue                     0x0000127d   Thumb Code    42  queue.o(.text)
    .text                                    0x00001a44   Section      276  startup_tm4c123.o(.text)
    $v0                                      0x00001a44   Number         0  startup_tm4c123.o(.text)
    .text                                    0x00001b58   Section        0  system_tm4c123.o(.text)
    getOscClk                                0x00001b59   Thumb Code   182  system_tm4c123.o(.text)
    .text                                    0x00001da4   Section        0  tasks.o(.text)
    prvInitialiseTaskLists                   0x00001da5   Thumb Code    70  tasks.o(.text)
    prvInitialiseTCBVariables                0x00001deb   Thumb Code    98  tasks.o(.text)
    prvAllocateTCBAndStack                   0x00001e4d   Thumb Code    66  tasks.o(.text)
    prvResetNextTaskUnblockTime              0x00001fe3   Thumb Code    42  tasks.o(.text)
    prvAddCurrentTaskToDelayedList           0x00002315   Thumb Code    62  tasks.o(.text)
    prvTaskIsTaskSuspended                   0x00002803   Thumb Code    80  tasks.o(.text)
    prvGetExpectedIdleTime                   0x00002975   Thumb Code    36  tasks.o(.text)
    prvDeleteTCB                             0x00002999   Thumb Code    18  tasks.o(.text)
    prvCheckTasksWaitingTermination          0x000029ab   Thumb Code    86  tasks.o(.text)
    prvIdleTask                              0x00002a01   Thumb Code   166  tasks.o(.text)
    prvTaskCheckFreeStackSpace               0x00002b55   Thumb Code    22  tasks.o(.text)
    prvListTaskWithinSingleList              0x00002b6b   Thumb Code   176  tasks.o(.text)
    .text                                    0x0000379c   Section        0  timers.o(.text)
    prvInsertTimerInActiveList               0x0000379d   Thumb Code    80  timers.o(.text)
    prvSwitchTimerLists                      0x0000386d   Thumb Code   150  timers.o(.text)
    prvSampleTimeNow                         0x00003903   Thumb Code    40  timers.o(.text)
    prvProcessReceivedCommands               0x0000392b   Thumb Code   288  timers.o(.text)
    prvProcessExpiredTimer                   0x00003a4b   Thumb Code    96  timers.o(.text)
    prvProcessTimerOrBlockTask               0x00003aab   Thumb Code   102  timers.o(.text)
    prvGetNextExpireTime                     0x00003b11   Thumb Code    36  timers.o(.text)
    prvTimerTask                             0x00003b35   Thumb Code    26  timers.o(.text)
    prvCheckForValidListAndQueue             0x00003b4f   Thumb Code   114  timers.o(.text)
    .text                                    0x00003da4   Section        0  uart.o(.text)
    .text                                    0x00003ea0   Section        0  port.o(.text)
    prvTaskExitError                         0x00003eb7   Thumb Code    60  port.o(.text)
    .text                                    0x00004344   Section        0  c89vsnprintf.o(.text)
    .text                                    0x00004378   Section      138  rt_memcpy_v6.o(.text)
    .text                                    0x00004402   Section       16  aeabi_memset.o(.text)
    .text                                    0x00004412   Section        0  heapauxi.o(.text)
    .text                                    0x00004418   Section        0  _printf_pad.o(.text)
    .text                                    0x0000446a   Section        0  _printf_truncate.o(.text)
    .text                                    0x0000448e   Section        0  _printf_str.o(.text)
    .text                                    0x000044e0   Section        0  _printf_dec.o(.text)
    .text                                    0x00004558   Section        0  _printf_charcount.o(.text)
    .text                                    0x00004584   Section        0  _printf_char_common.o(.text)
    _printf_input_char                       0x00004585   Thumb Code    10  _printf_char_common.o(.text)
    .text                                    0x000045b4   Section        0  _sputc.o(.text)
    .text                                    0x000045be   Section        0  _snputc.o(.text)
    .text                                    0x000045d0   Section        0  _printf_wctomb.o(.text)
    .text                                    0x0000468c   Section        0  _printf_longlong_dec.o(.text)
    .text                                    0x00004704   Section        0  _printf_oct_int_ll.o(.text)
    _printf_longlong_oct_internal            0x00004705   Thumb Code     0  _printf_oct_int_ll.o(.text)
    .text                                    0x0000477c   Section        0  _printf_hex_int_ll_ptr.o(.text)
    _printf_hex_common                       0x0000477d   Thumb Code     0  _printf_hex_int_ll_ptr.o(.text)
    .text                                    0x00004818   Section        0  __printf_flags_ss_wp.o(.text)
    .text                                    0x000049a4   Section      100  rt_memcpy_w.o(.text)
    .text                                    0x00004a08   Section       68  rt_memclr.o(.text)
    .text                                    0x00004a4c   Section      138  lludiv10.o(.text)
    .text                                    0x00004ad6   Section        0  _printf_intcommon.o(.text)
    .text                                    0x00004b8e   Section        0  _printf_fp_dec.o(.text)
    _fp_digits                               0x00004b91   Thumb Code   426  _printf_fp_dec.o(.text)
    .text                                    0x00004fae   Section        0  _printf_char.o(.text)
    .text                                    0x00004fda   Section        0  _printf_wchar.o(.text)
    .text                                    0x00005006   Section        0  _wcrtomb.o(.text)
    .text                                    0x00005046   Section       78  rt_memclr_w.o(.text)
    .text                                    0x00005094   Section       74  sys_stackheap_outer.o(.text)
    .text                                    0x000050e0   Section       16  rt_ctype_table.o(.text)
    .text                                    0x000050f0   Section        8  rt_locale_intlibspace.o(.text)
    .text                                    0x000050f8   Section        0  _printf_fp_infnan.o(.text)
    .text                                    0x00005178   Section        0  bigflt0.o(.text)
    .text                                    0x0000525c   Section        0  exit.o(.text)
    .text                                    0x00005268   Section        8  libspace.o(.text)
    .text                                    0x00005270   Section      128  strcmpv7m.o(.text)
    .text                                    0x000052f0   Section        0  sys_exit.o(.text)
    .text                                    0x000052fc   Section        2  use_no_semi.o(.text)
    .text                                    0x000052fe   Section        0  indicate_semi.o(.text)
    CL$$btod_d2e                             0x000052fe   Section       62  btod.o(CL$$btod_d2e)
    CL$$btod_d2e_denorm_low                  0x0000533c   Section       70  btod.o(CL$$btod_d2e_denorm_low)
    CL$$btod_d2e_norm_op1                    0x00005382   Section       96  btod.o(CL$$btod_d2e_norm_op1)
    CL$$btod_div_common                      0x000053e2   Section      824  btod.o(CL$$btod_div_common)
    CL$$btod_e2e                             0x0000571a   Section      198  btod.o(CL$$btod_e2e)
    CL$$btod_ediv                            0x000057e0   Section       40  btod.o(CL$$btod_ediv)
    CL$$btod_emul                            0x00005808   Section       40  btod.o(CL$$btod_emul)
    CL$$btod_mult_common                     0x00005830   Section      580  btod.o(CL$$btod_mult_common)
    i.GPIODirModeSet                         0x00005a74   Section        0  gpio.o(i.GPIODirModeSet)
    i.GPIOPadConfigSet                       0x00005a9c   Section        0  gpio.o(i.GPIOPadConfigSet)
    i.GPIOPinTypeGPIOOutput                  0x00005c0c   Section        0  gpio.o(i.GPIOPinTypeGPIOOutput)
    i.SysCtlPeripheralEnable                 0x00005c28   Section        0  sysctl.o(i.SysCtlPeripheralEnable)
    i.SysCtlPeripheralReady                  0x00005c50   Section        0  sysctl.o(i.SysCtlPeripheralReady)
    i.__ARM_fpclassify                       0x00005c7c   Section        0  fpclassify.o(i.__ARM_fpclassify)
    i._is_digit                              0x00005cac   Section        0  __printf_wp.o(i._is_digit)
    locale$$code                             0x00005cbc   Section       44  lc_numeric_c.o(locale$$code)
    locale$$code                             0x00005ce8   Section       44  lc_ctype_c.o(locale$$code)
    x$fpl$fpinit                             0x00005d14   Section       10  fpinit.o(x$fpl$fpinit)
    $v0                                      0x00005d14   Number         0  fpinit.o(x$fpl$fpinit)
    x$fpl$printf1                            0x00005d1e   Section        4  printf1.o(x$fpl$printf1)
    $v0                                      0x00005d1e   Number         0  printf1.o(x$fpl$printf1)
    x$fpl$usenofp                            0x00005d22   Section        0  usenofp.o(x$fpl$usenofp)
    .constdata                               0x00005d24   Section        8  _printf_wctomb.o(.constdata)
    initial_mbstate                          0x00005d24   Data           8  _printf_wctomb.o(.constdata)
    .constdata                               0x00005d2c   Section       40  _printf_hex_int_ll_ptr.o(.constdata)
    uc_hextab                                0x00005d2c   Data          20  _printf_hex_int_ll_ptr.o(.constdata)
    lc_hextab                                0x00005d40   Data          20  _printf_hex_int_ll_ptr.o(.constdata)
    .constdata                               0x00005d54   Section       17  __printf_flags_ss_wp.o(.constdata)
    maptable                                 0x00005d54   Data          17  __printf_flags_ss_wp.o(.constdata)
    .constdata                               0x00005d68   Section      148  bigflt0.o(.constdata)
    tenpwrs_x                                0x00005d68   Data          60  bigflt0.o(.constdata)
    tenpwrs_i                                0x00005da4   Data          64  bigflt0.o(.constdata)
    locale$$data                             0x00005e1c   Section       28  lc_numeric_c.o(locale$$data)
    __lcnum_c_name                           0x00005e20   Data           2  lc_numeric_c.o(locale$$data)
    __lcnum_c_start                          0x00005e28   Data           0  lc_numeric_c.o(locale$$data)
    __lcnum_c_point                          0x00005e34   Data           0  lc_numeric_c.o(locale$$data)
    __lcnum_c_thousands                      0x00005e36   Data           0  lc_numeric_c.o(locale$$data)
    __lcnum_c_grouping                       0x00005e37   Data           0  lc_numeric_c.o(locale$$data)
    locale$$data                             0x00005e38   Section      272  lc_ctype_c.o(locale$$data)
    __lcnum_c_end                            0x00005e38   Data           0  lc_numeric_c.o(locale$$data)
    __lcctype_c_name                         0x00005e3c   Data           2  lc_ctype_c.o(locale$$data)
    __lcctype_c_start                        0x00005e44   Data           0  lc_ctype_c.o(locale$$data)
    __lcctype_c_end                          0x00005f48   Data           0  lc_ctype_c.o(locale$$data)
    .data                                    0x20000000   Section       24  heap_4.o(.data)
    pxEnd                                    0x20000000   Data           4  heap_4.o(.data)
    xFreeBytesRemaining                      0x20000004   Data           4  heap_4.o(.data)
    xMinimumEverFreeBytesRemaining           0x20000008   Data           4  heap_4.o(.data)
    xBlockAllocatedBit                       0x2000000c   Data           4  heap_4.o(.data)
    xStart                                   0x20000010   Data           8  heap_4.o(.data)
    .data                                    0x20000018   Section       16  main.o(.data)
    ullIdleCount                             0x20000018   Data           8  main.o(.data)
    .data                                    0x20000028   Section        4  system_tm4c123.o(.data)
    .data                                    0x2000002c   Section       60  tasks.o(.data)
    uxTasksDeleted                           0x20000030   Data           4  tasks.o(.data)
    xIdleTaskHandle                          0x20000034   Data           4  tasks.o(.data)
    uxCurrentNumberOfTasks                   0x20000038   Data           4  tasks.o(.data)
    xTickCount                               0x2000003c   Data           4  tasks.o(.data)
    uxTopReadyPriority                       0x20000040   Data           4  tasks.o(.data)
    xSchedulerRunning                        0x20000044   Data           4  tasks.o(.data)
    uxPendedTicks                            0x20000048   Data           4  tasks.o(.data)
    xYieldPending                            0x2000004c   Data           4  tasks.o(.data)
    xNumOfOverflows                          0x20000050   Data           4  tasks.o(.data)
    uxTaskNumber                             0x20000054   Data           4  tasks.o(.data)
    xNextTaskUnblockTime                     0x20000058   Data           4  tasks.o(.data)
    uxSchedulerSuspended                     0x2000005c   Data           4  tasks.o(.data)
    pxDelayedTaskList                        0x20000060   Data           4  tasks.o(.data)
    pxOverflowDelayedTaskList                0x20000064   Data           4  tasks.o(.data)
    .data                                    0x20000068   Section       16  timers.o(.data)
    xTimerQueue                              0x20000068   Data           4  timers.o(.data)
    xLastTime                                0x2000006c   Data           4  timers.o(.data)
    pxCurrentTimerList                       0x20000070   Data           4  timers.o(.data)
    pxOverflowTimerList                      0x20000074   Data           4  timers.o(.data)
    .data                                    0x20000078   Section       24  port.o(.data)
    uxCriticalNesting                        0x20000078   Data           4  port.o(.data)
    ulTimerCountsForOneTick                  0x2000007c   Data           4  port.o(.data)
    xMaximumPossibleSuppressedTicks          0x20000080   Data           4  port.o(.data)
    ulStoppedTimerCompensation               0x20000084   Data           4  port.o(.data)
    ucMaxSysCallPriority                     0x20000088   Data           1  port.o(.data)
    ulMaxPRIGROUPValue                       0x2000008c   Data           4  port.o(.data)
    .bss                                     0x20000090   Section    10240  heap_4.o(.bss)
    ucHeap                                   0x20000090   Data       10240  heap_4.o(.bss)
    .bss                                     0x20002890   Section      200  tasks.o(.bss)
    pxReadyTasksLists                        0x20002890   Data         100  tasks.o(.bss)
    xDelayedTaskList1                        0x200028f4   Data          20  tasks.o(.bss)
    xDelayedTaskList2                        0x20002908   Data          20  tasks.o(.bss)
    xPendingReadyList                        0x2000291c   Data          20  tasks.o(.bss)
    xTasksWaitingTermination                 0x20002930   Data          20  tasks.o(.bss)
    xSuspendedTaskList                       0x20002944   Data          20  tasks.o(.bss)
    .bss                                     0x20002958   Section       40  timers.o(.bss)
    xActiveTimerList1                        0x20002958   Data          20  timers.o(.bss)
    xActiveTimerList2                        0x2000296c   Data          20  timers.o(.bss)
    .bss                                     0x20002980   Section       96  libspace.o(.bss)
    HEAP                                     0x200029e0   Section        0  startup_tm4c123.o(HEAP)
    STACK                                    0x200029e0   Section      512  startup_tm4c123.o(STACK)
    Heap_Mem                                 0x200029e0   Data           0  startup_tm4c123.o(HEAP)
    Stack_Mem                                0x200029e0   Data         512  startup_tm4c123.o(STACK)
    __initial_sp                             0x20002be0   Data           0  startup_tm4c123.o(STACK)

    Global Symbols

    Symbol Name                              Value     Ov Type        Size  Object(Section)

    BuildAttributes$$THM_ISAv4$E$P$D$K$B$S$7EM$VFPi3$EXTD16$VFPS$VFMA$PE$A:L22UL41UL21$X:L11$S22US41US21$IEEE1$IW$USESV6$~STKCKD$USESV7$~SHL$OTIME$ROPI$IEEEJ$EBA8$UX$STANDARDLIB$REQ8$PRES8$EABIv2 0x00000000   Number         0  anon$$obj.o ABSOLUTE
    __ARM_use_no_argv                        0x00000000   Number         0  main.o ABSOLUTE
    __Vectors                                0x00000000   Data           4  startup_tm4c123.o(RESET)
    _printf_flags                            0x00000000   Number         0  printf_stubs.o ABSOLUTE
    _printf_return_value                     0x00000000   Number         0  printf_stubs.o ABSOLUTE
    _printf_sizespec                         0x00000000   Number         0  printf_stubs.o ABSOLUTE
    _printf_widthprec                        0x00000000   Number         0  printf_stubs.o ABSOLUTE
    __ARM_exceptions_init                     - Undefined Weak Reference
    __alloca_initialize                       - Undefined Weak Reference
    __cpp_initialize__aeabi_                  - Undefined Weak Reference
    __cxa_finalize                            - Undefined Weak Reference
    __sigvec_lookup                           - Undefined Weak Reference
    _atexit_init                              - Undefined Weak Reference
    _call_atexit_fns                          - Undefined Weak Reference
    _clock_init                               - Undefined Weak Reference
    _fp_trap_init                             - Undefined Weak Reference
    _fp_trap_shutdown                         - Undefined Weak Reference
    _get_lc_collate                           - Undefined Weak Reference
    _get_lc_monetary                          - Undefined Weak Reference
    _get_lc_time                              - Undefined Weak Reference
    _getenv_init                              - Undefined Weak Reference
    _handle_redirection                       - Undefined Weak Reference
    _init_alloc                               - Undefined Weak Reference
    _init_user_alloc                          - Undefined Weak Reference
    _initio                                   - Undefined Weak Reference
    _printf_fp_hex                            - Undefined Weak Reference
    _printf_mbtowc                            - Undefined Weak Reference
    _printf_wc                                - Undefined Weak Reference
    _rand_init                                - Undefined Weak Reference
    _signal_finish                            - Undefined Weak Reference
    _signal_init                              - Undefined Weak Reference
    _terminate_alloc                          - Undefined Weak Reference
    _terminate_user_alloc                     - Undefined Weak Reference
    _terminateio                              - Undefined Weak Reference
    __Vectors_End                            0x0000026c   Data           0  startup_tm4c123.o(RESET)
    __Vectors_Size                           0x0000026c   Number         0  startup_tm4c123.o ABSOLUTE
    __main                                   0x0000026d   Thumb Code     8  __main.o(!!!main)
    __scatterload                            0x00000275   Thumb Code     0  __scatter.o(!!!scatter)
    __scatterload_rt2                        0x00000275   Thumb Code    44  __scatter.o(!!!scatter)
    __scatterload_rt2_thumb_only             0x00000275   Thumb Code     0  __scatter.o(!!!scatter)
    __scatterload_null                       0x00000283   Thumb Code     0  __scatter.o(!!!scatter)
    __scatterload_copy                       0x000002a9   Thumb Code    26  __scatter_copy.o(!!handler_copy)
    __scatterload_zeroinit                   0x000002c5   Thumb Code    28  __scatter_zi.o(!!handler_zi)
    _printf_n                                0x000002e1   Thumb Code     0  _printf_n.o(.ARM.Collect$$_printf_percent$$00000001)
    _printf_percent                          0x000002e1   Thumb Code     0  _printf_percent.o(.ARM.Collect$$_printf_percent$$00000000)
    _printf_p                                0x000002e7   Thumb Code     0  _printf_p.o(.ARM.Collect$$_printf_percent$$00000002)
    _printf_f                                0x000002ed   Thumb Code     0  _printf_f.o(.ARM.Collect$$_printf_percent$$00000003)
    _printf_e                                0x000002f3   Thumb Code     0  _printf_e.o(.ARM.Collect$$_printf_percent$$00000004)
    _printf_g                                0x000002f9   Thumb Code     0  _printf_g.o(.ARM.Collect$$_printf_percent$$00000005)
    _printf_a                                0x000002ff   Thumb Code     0  _printf_a.o(.ARM.Collect$$_printf_percent$$00000006)
    _printf_ll                               0x00000305   Thumb Code     0  _printf_ll.o(.ARM.Collect$$_printf_percent$$00000007)
    _printf_i                                0x0000030f   Thumb Code     0  _printf_i.o(.ARM.Collect$$_printf_percent$$00000008)
    _printf_d                                0x00000315   Thumb Code     0  _printf_d.o(.ARM.Collect$$_printf_percent$$00000009)
    _printf_u                                0x0000031b   Thumb Code     0  _printf_u.o(.ARM.Collect$$_printf_percent$$0000000A)
    _printf_o                                0x00000321   Thumb Code     0  _printf_o.o(.ARM.Collect$$_printf_percent$$0000000B)
    _printf_x                                0x00000327   Thumb Code     0  _printf_x.o(.ARM.Collect$$_printf_percent$$0000000C)
    _printf_lli                              0x0000032d   Thumb Code     0  _printf_lli.o(.ARM.Collect$$_printf_percent$$0000000D)
    _printf_lld                              0x00000333   Thumb Code     0  _printf_lld.o(.ARM.Collect$$_printf_percent$$0000000E)
    _printf_llu                              0x00000339   Thumb Code     0  _printf_llu.o(.ARM.Collect$$_printf_percent$$0000000F)
    _printf_llo                              0x0000033f   Thumb Code     0  _printf_llo.o(.ARM.Collect$$_printf_percent$$00000010)
    _printf_llx                              0x00000345   Thumb Code     0  _printf_llx.o(.ARM.Collect$$_printf_percent$$00000011)
    _printf_l                                0x0000034b   Thumb Code     0  _printf_l.o(.ARM.Collect$$_printf_percent$$00000012)
    _printf_c                                0x00000355   Thumb Code     0  _printf_c.o(.ARM.Collect$$_printf_percent$$00000013)
    _printf_s                                0x0000035b   Thumb Code     0  _printf_s.o(.ARM.Collect$$_printf_percent$$00000014)
    _printf_lc                               0x00000361   Thumb Code     0  _printf_lc.o(.ARM.Collect$$_printf_percent$$00000015)
    _printf_ls                               0x00000367   Thumb Code     0  _printf_ls.o(.ARM.Collect$$_printf_percent$$00000016)
    _printf_percent_end                      0x0000036d   Thumb Code     0  _printf_percent_end.o(.ARM.Collect$$_printf_percent$$00000017)
    __rt_lib_init                            0x00000371   Thumb Code     0  libinit.o(.ARM.Collect$$libinit$$00000000)
    __rt_lib_init_fp_1                       0x00000373   Thumb Code     0  libinit2.o(.ARM.Collect$$libinit$$00000001)
    __rt_lib_init_heap_1                     0x00000377   Thumb Code     0  libinit2.o(.ARM.Collect$$libinit$$00000008)
    __rt_lib_init_lc_common                  0x00000377   Thumb Code     0  libinit2.o(.ARM.Collect$$libinit$$0000000D)
    __rt_lib_init_rand_1                     0x00000377   Thumb Code     0  libinit2.o(.ARM.Collect$$libinit$$0000000C)
    __rt_lib_init_user_alloc_1               0x00000377   Thumb Code     0  libinit2.o(.ARM.Collect$$libinit$$0000000A)
    __rt_lib_init_lc_collate_1               0x0000037d   Thumb Code     0  libinit2.o(.ARM.Collect$$libinit$$0000000F)
    __rt_lib_init_lc_ctype_2                 0x0000037d   Thumb Code     0  libinit2.o(.ARM.Collect$$libinit$$00000010)
    __rt_lib_init_lc_ctype_1                 0x00000389   Thumb Code     0  libinit2.o(.ARM.Collect$$libinit$$00000011)
    __rt_lib_init_lc_monetary_1              0x00000389   Thumb Code     0  libinit2.o(.ARM.Collect$$libinit$$00000013)
    __rt_lib_init_lc_numeric_2               0x00000389   Thumb Code     0  libinit2.o(.ARM.Collect$$libinit$$00000014)
    __rt_lib_init_alloca_1                   0x00000393   Thumb Code     0  libinit2.o(.ARM.Collect$$libinit$$0000002C)
    __rt_lib_init_argv_1                     0x00000393   Thumb Code     0  libinit2.o(.ARM.Collect$$libinit$$0000002A)
    __rt_lib_init_atexit_1                   0x00000393   Thumb Code     0  libinit2.o(.ARM.Collect$$libinit$$00000019)
    __rt_lib_init_clock_1                    0x00000393   Thumb Code     0  libinit2.o(.ARM.Collect$$libinit$$0000001F)
    __rt_lib_init_cpp_1                      0x00000393   Thumb Code     0  libinit2.o(.ARM.Collect$$libinit$$00000030)
    __rt_lib_init_exceptions_1               0x00000393   Thumb Code     0  libinit2.o(.ARM.Collect$$libinit$$0000002E)
    __rt_lib_init_fp_trap_1                  0x00000393   Thumb Code     0  libinit2.o(.ARM.Collect$$libinit$$0000001D)
    __rt_lib_init_getenv_1                   0x00000393   Thumb Code     0  libinit2.o(.ARM.Collect$$libinit$$00000021)
    __rt_lib_init_lc_numeric_1               0x00000393   Thumb Code     0  libinit2.o(.ARM.Collect$$libinit$$00000015)
    __rt_lib_init_lc_time_1                  0x00000393   Thumb Code     0  libinit2.o(.ARM.Collect$$libinit$$00000017)
    __rt_lib_init_return                     0x00000393   Thumb Code     0  libinit2.o(.ARM.Collect$$libinit$$00000031)
    __rt_lib_init_signal_1                   0x00000393   Thumb Code     0  libinit2.o(.ARM.Collect$$libinit$$0000001B)
    __rt_lib_init_stdio_1                    0x00000393   Thumb Code     0  libinit2.o(.ARM.Collect$$libinit$$00000023)
    __rt_lib_shutdown                        0x00000395   Thumb Code     0  libshutdown.o(.ARM.Collect$$libshutdown$$00000000)
    __rt_lib_shutdown_fp_trap_1              0x00000397   Thumb Code     0  libshutdown2.o(.ARM.Collect$$libshutdown$$00000006)
    __rt_lib_shutdown_heap_1                 0x00000397   Thumb Code     0  libshutdown2.o(.ARM.Collect$$libshutdown$$0000000E)
    __rt_lib_shutdown_return                 0x00000397   Thumb Code     0  libshutdown2.o(.ARM.Collect$$libshutdown$$0000000F)
    __rt_lib_shutdown_signal_1               0x00000397   Thumb Code     0  libshutdown2.o(.ARM.Collect$$libshutdown$$00000009)
    __rt_lib_shutdown_stdio_1                0x00000397   Thumb Code     0  libshutdown2.o(.ARM.Collect$$libshutdown$$00000003)
    __rt_lib_shutdown_user_alloc_1           0x00000397   Thumb Code     0  libshutdown2.o(.ARM.Collect$$libshutdown$$0000000B)
    __rt_entry                               0x00000399   Thumb Code     0  rtentry.o(.ARM.Collect$$rtentry$$00000000)
    __rt_entry_presh_1                       0x00000399   Thumb Code     0  rtentry2.o(.ARM.Collect$$rtentry$$00000002)
    __rt_entry_sh                            0x00000399   Thumb Code     0  rtentry4.o(.ARM.Collect$$rtentry$$00000004)
    __rt_entry_li                            0x0000039f   Thumb Code     0  rtentry2.o(.ARM.Collect$$rtentry$$0000000A)
    __rt_entry_postsh_1                      0x0000039f   Thumb Code     0  rtentry2.o(.ARM.Collect$$rtentry$$00000009)
    __rt_entry_main                          0x000003a3   Thumb Code     0  rtentry2.o(.ARM.Collect$$rtentry$$0000000D)
    __rt_entry_postli_1                      0x000003a3   Thumb Code     0  rtentry2.o(.ARM.Collect$$rtentry$$0000000C)
    __rt_exit                                0x000003ab   Thumb Code     0  rtexit.o(.ARM.Collect$$rtexit$$00000000)
    __rt_exit_ls                             0x000003ad   Thumb Code     0  rtexit2.o(.ARM.Collect$$rtexit$$00000003)
    __rt_exit_prels_1                        0x000003ad   Thumb Code     0  rtexit2.o(.ARM.Collect$$rtexit$$00000002)
    __rt_exit_exit                           0x000003b1   Thumb Code     0  rtexit2.o(.ARM.Collect$$rtexit$$00000004)
    vPortSVCHandler                          0x000003b9   Thumb Code    28  port.o(.emb_text)
    __asm___6_port_c_7e283542__prvStartFirstTask 0x000003d9   Thumb Code    28  port.o(.emb_text)
    __asm___6_port_c_7e283542__prvEnableVFP  0x000003f9   Thumb Code    16  port.o(.emb_text)
    xPortPendSVHandler                       0x0000040d   Thumb Code    88  port.o(.emb_text)
    vPortGetIPSR                             0x00000469   Thumb Code     6  port.o(.emb_text)
    xEventGroupCreate                        0x00000471   Thumb Code    26  event_groups.o(.text)
    xEventGroupSetBits                       0x0000048b   Thumb Code   206  event_groups.o(.text)
    xEventGroupSync                          0x00000559   Thumb Code   264  event_groups.o(.text)
    xEventGroupWaitBits                      0x0000067d   Thumb Code   334  event_groups.o(.text)
    xEventGroupClearBits                     0x000007cb   Thumb Code    92  event_groups.o(.text)
    vEventGroupClearBitsCallback             0x00000827   Thumb Code    16  event_groups.o(.text)
    xEventGroupClearBitsFromISR              0x00000837   Thumb Code    26  event_groups.o(.text)
    xEventGroupGetBitsFromISR                0x00000851   Thumb Code    44  event_groups.o(.text)
    vEventGroupDelete                        0x0000087d   Thumb Code    82  event_groups.o(.text)
    vEventGroupSetBitsCallback               0x000008cf   Thumb Code    16  event_groups.o(.text)
    xEventGroupSetBitsFromISR                0x000008df   Thumb Code    32  event_groups.o(.text)
    uxEventGroupGetNumber                    0x000008ff   Thumb Code    14  event_groups.o(.text)
    pvPortMalloc                             0x000009d3   Thumb Code   294  heap_4.o(.text)
    vApplicationMallocFailedHook             0x00000af9   Thumb Code    22  heap_4.o(.text)
    vPortFree                                0x00000b0f   Thumb Code   140  heap_4.o(.text)
    xPortGetFreeHeapSize                     0x00000b9b   Thumb Code     6  heap_4.o(.text)
    xPortGetMinimumEverFreeHeapSize          0x00000ba1   Thumb Code     6  heap_4.o(.text)
    vPortInitialiseBlocks                    0x00000ba7   Thumb Code     2  heap_4.o(.text)
    vListInitialise                          0x00000bc1   Thumb Code    26  list.o(.text)
    vListInitialiseItem                      0x00000bdb   Thumb Code     6  list.o(.text)
    vListInsertEnd                           0x00000be1   Thumb Code    24  list.o(.text)
    vListInsert                              0x00000bf9   Thumb Code    52  list.o(.text)
    uxListRemove                             0x00000c2d   Thumb Code    40  list.o(.text)
    button1_pressed                          0x00000c55   Thumb Code    14  main.o(.text)
    button2_pressed                          0x00000c63   Thumb Code    14  main.o(.text)
    vApplicationIdleHook                     0x00000c71   Thumb Code    20  main.o(.text)
    vTask1                                   0x00000c85   Thumb Code    26  main.o(.text)
    main                                     0x00000c9f   Thumb Code    74  main.o(.text)
    xQueueGenericReset                       0x00000d21   Thumb Code   144  queue.o(.text)
    xQueueGenericCreate                      0x00000db1   Thumb Code   138  queue.o(.text)
    xQueueGenericSend                        0x00000ff3   Thumb Code   446  queue.o(.text)
    xQueueCreateMutex                        0x000011b1   Thumb Code    80  queue.o(.text)
    xQueueGetMutexHolder                     0x00001201   Thumb Code    26  queue.o(.text)
    xQueueGiveMutexRecursive                 0x0000121b   Thumb Code    72  queue.o(.text)
    xQueueGenericReceive                     0x000012a7   Thumb Code   418  queue.o(.text)
    xQueueTakeMutexRecursive                 0x00001449   Thumb Code    84  queue.o(.text)
    xQueueCreateCountingSemaphore            0x0000149d   Thumb Code   116  queue.o(.text)
    xQueueGenericSendFromISR                 0x00001511   Thumb Code   260  queue.o(.text)
    xQueueGiveFromISR                        0x00001615   Thumb Code   236  queue.o(.text)
    xQueueReceiveFromISR                     0x00001701   Thumb Code   188  queue.o(.text)
    xQueuePeekFromISR                        0x000017bd   Thumb Code   176  queue.o(.text)
    uxQueueMessagesWaiting                   0x0000186d   Thumb Code    42  queue.o(.text)
    uxQueueSpacesAvailable                   0x00001897   Thumb Code    48  queue.o(.text)
    uxQueueMessagesWaitingFromISR            0x000018c7   Thumb Code    30  queue.o(.text)
    vQueueDelete                             0x000018e5   Thumb Code    38  queue.o(.text)
    uxQueueGetQueueNumber                    0x0000190b   Thumb Code     6  queue.o(.text)
    vQueueSetQueueNumber                     0x00001911   Thumb Code     4  queue.o(.text)
    ucQueueGetQueueType                      0x00001915   Thumb Code     8  queue.o(.text)
    xQueueIsQueueEmptyFromISR                0x0000191d   Thumb Code    38  queue.o(.text)
    xQueueIsQueueFullFromISR                 0x00001943   Thumb Code    42  queue.o(.text)
    vQueueWaitForMessageRestricted           0x0000196d   Thumb Code    62  queue.o(.text)
    xQueueCreateSet                          0x000019ab   Thumb Code    20  queue.o(.text)
    xQueueAddToSet                           0x000019bf   Thumb Code    38  queue.o(.text)
    xQueueRemoveFromSet                      0x000019e5   Thumb Code    48  queue.o(.text)
    xQueueSelectFromSet                      0x00001a15   Thumb Code    26  queue.o(.text)
    xQueueSelectFromSetFromISR               0x00001a2f   Thumb Code    22  queue.o(.text)
    Reset_Handler                            0x00001a45   Thumb Code     8  startup_tm4c123.o(.text)
    NMI_Handler                              0x00001a4d   Thumb Code     2  startup_tm4c123.o(.text)
    HardFault_Handler                        0x00001a4f   Thumb Code     2  startup_tm4c123.o(.text)
    MemManage_Handler                        0x00001a51   Thumb Code     2  startup_tm4c123.o(.text)
    BusFault_Handler                         0x00001a53   Thumb Code     2  startup_tm4c123.o(.text)
    UsageFault_Handler                       0x00001a55   Thumb Code     2  startup_tm4c123.o(.text)
    DebugMon_Handler                         0x00001a59   Thumb Code     2  startup_tm4c123.o(.text)
    GPIOA_Handler                            0x00001a5f   Thumb Code     2  startup_tm4c123.o(.text)
    GPIOB_Handler                            0x00001a61   Thumb Code     2  startup_tm4c123.o(.text)
    GPIOC_Handler                            0x00001a63   Thumb Code     2  startup_tm4c123.o(.text)
    GPIOD_Handler                            0x00001a65   Thumb Code     2  startup_tm4c123.o(.text)
    GPIOE_Handler                            0x00001a67   Thumb Code     2  startup_tm4c123.o(.text)
    UART0_Handler                            0x00001a69   Thumb Code     2  startup_tm4c123.o(.text)
    UART1_Handler                            0x00001a6b   Thumb Code     2  startup_tm4c123.o(.text)
    SSI0_Handler                             0x00001a6d   Thumb Code     2  startup_tm4c123.o(.text)
    I2C0_Handler                             0x00001a6f   Thumb Code     2  startup_tm4c123.o(.text)
    PMW0_FAULT_Handler                       0x00001a71   Thumb Code     2  startup_tm4c123.o(.text)
    PWM0_0_Handler                           0x00001a73   Thumb Code     2  startup_tm4c123.o(.text)
    PWM0_1_Handler                           0x00001a75   Thumb Code     2  startup_tm4c123.o(.text)
    PWM0_2_Handler                           0x00001a77   Thumb Code     2  startup_tm4c123.o(.text)
    QEI0_Handler                             0x00001a79   Thumb Code     2  startup_tm4c123.o(.text)
    ADC0SS0_Handler                          0x00001a7b   Thumb Code     2  startup_tm4c123.o(.text)
    ADC0SS1_Handler                          0x00001a7d   Thumb Code     2  startup_tm4c123.o(.text)
    ADC0SS2_Handler                          0x00001a7f   Thumb Code     2  startup_tm4c123.o(.text)
    ADC0SS3_Handler                          0x00001a81   Thumb Code     2  startup_tm4c123.o(.text)
    WDT0_Handler                             0x00001a83   Thumb Code     2  startup_tm4c123.o(.text)
    TIMER0A_Handler                          0x00001a85   Thumb Code     2  startup_tm4c123.o(.text)
    TIMER0B_Handler                          0x00001a87   Thumb Code     2  startup_tm4c123.o(.text)
    TIMER1A_Handler                          0x00001a89   Thumb Code     2  startup_tm4c123.o(.text)
    TIMER1B_Handler                          0x00001a8b   Thumb Code     2  startup_tm4c123.o(.text)
    TIMER2A_Handler                          0x00001a8d   Thumb Code     2  startup_tm4c123.o(.text)
    TIMER2B_Handler                          0x00001a8f   Thumb Code     2  startup_tm4c123.o(.text)
    COMP0_Handler                            0x00001a91   Thumb Code     2  startup_tm4c123.o(.text)
    COMP1_Handler                            0x00001a93   Thumb Code     2  startup_tm4c123.o(.text)
    COMP2_Handler                            0x00001a95   Thumb Code     2  startup_tm4c123.o(.text)
    SYSCTL_Handler                           0x00001a97   Thumb Code     2  startup_tm4c123.o(.text)
    FLASH_Handler                            0x00001a99   Thumb Code     2  startup_tm4c123.o(.text)
    GPIOF_Handler                            0x00001a9b   Thumb Code     2  startup_tm4c123.o(.text)
    GPIOG_Handler                            0x00001a9d   Thumb Code     2  startup_tm4c123.o(.text)
    GPIOH_Handler                            0x00001a9f   Thumb Code     2  startup_tm4c123.o(.text)
    UART2_Handler                            0x00001aa1   Thumb Code     2  startup_tm4c123.o(.text)
    SSI1_Handler                             0x00001aa3   Thumb Code     2  startup_tm4c123.o(.text)
    TIMER3A_Handler                          0x00001aa5   Thumb Code     2  startup_tm4c123.o(.text)
    TIMER3B_Handler                          0x00001aa7   Thumb Code     2  startup_tm4c123.o(.text)
    I2C1_Handler                             0x00001aa9   Thumb Code     2  startup_tm4c123.o(.text)
    QEI1_Handler                             0x00001aab   Thumb Code     2  startup_tm4c123.o(.text)
    CAN0_Handler                             0x00001aad   Thumb Code     2  startup_tm4c123.o(.text)
    CAN1_Handler                             0x00001aaf   Thumb Code     2  startup_tm4c123.o(.text)
    CAN2_Handler                             0x00001ab1   Thumb Code     2  startup_tm4c123.o(.text)
    HIB_Handler                              0x00001ab3   Thumb Code     2  startup_tm4c123.o(.text)
    USB0_Handler                             0x00001ab5   Thumb Code     2  startup_tm4c123.o(.text)
    PWM0_3_Handler                           0x00001ab7   Thumb Code     2  startup_tm4c123.o(.text)
    UDMA_Handler                             0x00001ab9   Thumb Code     2  startup_tm4c123.o(.text)
    UDMAERR_Handler                          0x00001abb   Thumb Code     2  startup_tm4c123.o(.text)
    ADC1SS0_Handler                          0x00001abd   Thumb Code     2  startup_tm4c123.o(.text)
    ADC1SS1_Handler                          0x00001abf   Thumb Code     2  startup_tm4c123.o(.text)
    ADC1SS2_Handler                          0x00001ac1   Thumb Code     2  startup_tm4c123.o(.text)
    ADC1SS3_Handler                          0x00001ac3   Thumb Code     2  startup_tm4c123.o(.text)
    GPIOJ_Handler                            0x00001ac5   Thumb Code     2  startup_tm4c123.o(.text)
    GPIOK_Handler                            0x00001ac7   Thumb Code     2  startup_tm4c123.o(.text)
    GPIOL_Handler                            0x00001ac9   Thumb Code     2  startup_tm4c123.o(.text)
    SSI2_Handler                             0x00001acb   Thumb Code     2  startup_tm4c123.o(.text)
    SSI3_Handler                             0x00001acd   Thumb Code     2  startup_tm4c123.o(.text)
    UART3_Handler                            0x00001acf   Thumb Code     2  startup_tm4c123.o(.text)
    UART4_Handler                            0x00001ad1   Thumb Code     2  startup_tm4c123.o(.text)
    UART5_Handler                            0x00001ad3   Thumb Code     2  startup_tm4c123.o(.text)
    UART6_Handler                            0x00001ad5   Thumb Code     2  startup_tm4c123.o(.text)
    UART7_Handler                            0x00001ad7   Thumb Code     2  startup_tm4c123.o(.text)
    I2C2_Handler                             0x00001ad9   Thumb Code     2  startup_tm4c123.o(.text)
    I2C3_Handler                             0x00001adb   Thumb Code     2  startup_tm4c123.o(.text)
    TIMER4A_Handler                          0x00001add   Thumb Code     2  startup_tm4c123.o(.text)
    TIMER4B_Handler                          0x00001adf   Thumb Code     2  startup_tm4c123.o(.text)
    TIMER5A_Handler                          0x00001ae1   Thumb Code     2  startup_tm4c123.o(.text)
    TIMER5B_Handler                          0x00001ae3   Thumb Code     2  startup_tm4c123.o(.text)
    WTIMER0A_Handler                         0x00001ae5   Thumb Code     2  startup_tm4c123.o(.text)
    WTIMER0B_Handler                         0x00001ae7   Thumb Code     2  startup_tm4c123.o(.text)
    WTIMER1A_Handler                         0x00001ae9   Thumb Code     2  startup_tm4c123.o(.text)
    WTIMER1B_Handler                         0x00001aeb   Thumb Code     2  startup_tm4c123.o(.text)
    WTIMER2A_Handler                         0x00001aed   Thumb Code     2  startup_tm4c123.o(.text)
    WTIMER2B_Handler                         0x00001aef   Thumb Code     2  startup_tm4c123.o(.text)
    WTIMER3A_Handler                         0x00001af1   Thumb Code     2  startup_tm4c123.o(.text)
    WTIMER3B_Handler                         0x00001af3   Thumb Code     2  startup_tm4c123.o(.text)
    WTIMER4A_Handler                         0x00001af5   Thumb Code     2  startup_tm4c123.o(.text)
    WTIMER4B_Handler                         0x00001af7   Thumb Code     2  startup_tm4c123.o(.text)
    WTIMER5A_Handler                         0x00001af9   Thumb Code     2  startup_tm4c123.o(.text)
    WTIMER5B_Handler                         0x00001afb   Thumb Code     2  startup_tm4c123.o(.text)
    FPU_Handler                              0x00001afd   Thumb Code     2  startup_tm4c123.o(.text)
    I2C4_Handler                             0x00001aff   Thumb Code     2  startup_tm4c123.o(.text)
    I2C5_Handler                             0x00001b01   Thumb Code     2  startup_tm4c123.o(.text)
    GPIOM_Handler                            0x00001b03   Thumb Code     2  startup_tm4c123.o(.text)
    GPION_Handler                            0x00001b05   Thumb Code     2  startup_tm4c123.o(.text)
    QEI2_Handler                             0x00001b07   Thumb Code     2  startup_tm4c123.o(.text)
    GPIOP0_Handler                           0x00001b09   Thumb Code     2  startup_tm4c123.o(.text)
    GPIOP1_Handler                           0x00001b0b   Thumb Code     2  startup_tm4c123.o(.text)
    GPIOP2_Handler                           0x00001b0d   Thumb Code     2  startup_tm4c123.o(.text)
    GPIOP3_Handler                           0x00001b0f   Thumb Code     2  startup_tm4c123.o(.text)
    GPIOP4_Handler                           0x00001b11   Thumb Code     2  startup_tm4c123.o(.text)
    GPIOP5_Handler                           0x00001b13   Thumb Code     2  startup_tm4c123.o(.text)
    GPIOP6_Handler                           0x00001b15   Thumb Code     2  startup_tm4c123.o(.text)
    GPIOP7_Handler                           0x00001b17   Thumb Code     2  startup_tm4c123.o(.text)
    GPIOQ0_Handler                           0x00001b19   Thumb Code     2  startup_tm4c123.o(.text)
    GPIOQ1_Handler                           0x00001b1b   Thumb Code     2  startup_tm4c123.o(.text)
    GPIOQ2_Handler                           0x00001b1d   Thumb Code     2  startup_tm4c123.o(.text)
    GPIOQ3_Handler                           0x00001b1f   Thumb Code     2  startup_tm4c123.o(.text)
    GPIOQ4_Handler                           0x00001b21   Thumb Code     2  startup_tm4c123.o(.text)
    GPIOQ5_Handler                           0x00001b23   Thumb Code     2  startup_tm4c123.o(.text)
    GPIOQ6_Handler                           0x00001b25   Thumb Code     2  startup_tm4c123.o(.text)
    GPIOQ7_Handler                           0x00001b27   Thumb Code     2  startup_tm4c123.o(.text)
    GPIOR_Handler                            0x00001b29   Thumb Code     2  startup_tm4c123.o(.text)
    GPIOS_Handler                            0x00001b2b   Thumb Code     2  startup_tm4c123.o(.text)
    PMW1_0_Handler                           0x00001b2d   Thumb Code     2  startup_tm4c123.o(.text)
    PWM1_1_Handler                           0x00001b2f   Thumb Code     2  startup_tm4c123.o(.text)
    PWM1_2_Handler                           0x00001b31   Thumb Code     2  startup_tm4c123.o(.text)
    PWM1_3_Handler                           0x00001b33   Thumb Code     2  startup_tm4c123.o(.text)
    PWM1_FAULT_Handler                       0x00001b35   Thumb Code     2  startup_tm4c123.o(.text)
    __user_initial_stackheap                 0x00001b39   Thumb Code     0  startup_tm4c123.o(.text)
    SystemCoreClockUpdate                    0x00001c0f   Thumb Code   182  system_tm4c123.o(.text)
    SystemInit                               0x00001cc5   Thumb Code   112  system_tm4c123.o(.text)
    xTaskGenericCreate                       0x00001e8f   Thumb Code   340  tasks.o(.text)
    vTaskDelete                              0x0000200d   Thumb Code   186  tasks.o(.text)
    xTaskIncrementTick                       0x000020c7   Thumb Code   366  tasks.o(.text)
    xTaskResumeAll                           0x00002235   Thumb Code   224  tasks.o(.text)
    vTaskSuspendAll                          0x00002353   Thumb Code    12  tasks.o(.text)
    vTaskDelayUntil                          0x0000235f   Thumb Code   230  tasks.o(.text)
    vTaskDelay                               0x00002445   Thumb Code   120  tasks.o(.text)
    eTaskGetState                            0x000024bd   Thumb Code   110  tasks.o(.text)
    uxTaskPriorityGet                        0x0000252b   Thumb Code    30  tasks.o(.text)
    uxTaskPriorityGetFromISR                 0x00002549   Thumb Code    62  tasks.o(.text)
    vTaskPrioritySet                         0x00002587   Thumb Code   320  tasks.o(.text)
    vTaskSwitchContext                       0x000026c7   Thumb Code   118  tasks.o(.text)
    vTaskSuspend                             0x0000273d   Thumb Code   198  tasks.o(.text)
    vTaskResume                              0x00002853   Thumb Code   130  tasks.o(.text)
    xTaskResumeFromISR                       0x000028d5   Thumb Code   160  tasks.o(.text)
    vTaskStartScheduler                      0x00002aa7   Thumb Code   114  tasks.o(.text)
    vTaskEndScheduler                        0x00002b19   Thumb Code    32  tasks.o(.text)
    xTaskGetTickCount                        0x00002b39   Thumb Code     6  tasks.o(.text)
    xTaskGetTickCountFromISR                 0x00002b3f   Thumb Code    16  tasks.o(.text)
    uxTaskGetNumberOfTasks                   0x00002b4f   Thumb Code     6  tasks.o(.text)
    uxTaskGetSystemState                     0x00002c1b   Thumb Code   132  tasks.o(.text)
    xTaskGetIdleTaskHandle                   0x00002c9f   Thumb Code    42  tasks.o(.text)
    vTaskStepTick                            0x00002cc9   Thumb Code    56  tasks.o(.text)
    vTaskPlaceOnEventList                    0x00002d01   Thumb Code   108  tasks.o(.text)
    vTaskPlaceOnUnorderedEventList           0x00002d6d   Thumb Code   160  tasks.o(.text)
    vTaskPlaceOnEventListRestricted          0x00002e0d   Thumb Code   180  tasks.o(.text)
    xTaskRemoveFromEventList                 0x00002ec1   Thumb Code   132  tasks.o(.text)
    xTaskRemoveFromUnorderedEventList        0x00002f45   Thumb Code   154  tasks.o(.text)
    vTaskSetTimeOutState                     0x00002fdf   Thumb Code    38  tasks.o(.text)
    xTaskCheckForTimeOut                     0x00003005   Thumb Code   132  tasks.o(.text)
    vTaskMissedYield                         0x00003089   Thumb Code     8  tasks.o(.text)
    uxTaskGetTaskNumber                      0x00003091   Thumb Code    14  tasks.o(.text)
    vTaskSetTaskNumber                       0x0000309f   Thumb Code     8  tasks.o(.text)
    eTaskConfirmSleepModeStatus              0x000030a7   Thumb Code    42  tasks.o(.text)
    uxTaskGetStackHighWaterMark              0x000030d1   Thumb Code    34  tasks.o(.text)
    xTaskGetCurrentTaskHandle                0x000030f3   Thumb Code     6  tasks.o(.text)
    xTaskGetSchedulerState                   0x000030f9   Thumb Code    24  tasks.o(.text)
    vTaskPriorityInherit                     0x00003111   Thumb Code   164  tasks.o(.text)
    xTaskPriorityDisinherit                  0x000031b5   Thumb Code   188  tasks.o(.text)
    uxTaskResetEventItemValue                0x00003271   Thumb Code    68  tasks.o(.text)
    pvTaskIncrementMutexHeldCount            0x000032b5   Thumb Code    26  tasks.o(.text)
    ulTaskNotifyTake                         0x000032cf   Thumb Code   174  tasks.o(.text)
    xTaskNotifyWait                          0x0000337d   Thumb Code   208  tasks.o(.text)
    xTaskGenericNotify                       0x0000344d   Thumb Code   246  tasks.o(.text)
    xTaskGenericNotifyFromISR                0x00003543   Thumb Code   290  tasks.o(.text)
    vTaskNotifyGiveFromISR                   0x00003665   Thumb Code   242  tasks.o(.text)
    xTaskNotifyStateClear                    0x00003757   Thumb Code    50  tasks.o(.text)
    xTimerGenericCommand                     0x000037ed   Thumb Code   128  timers.o(.text)
    xTimerCreateTimerTask                    0x00003bc1   Thumb Code    72  timers.o(.text)
    xTimerCreate                             0x00003c09   Thumb Code    94  timers.o(.text)
    pcTimerGetTimerName                      0x00003c67   Thumb Code    32  timers.o(.text)
    xTimerIsTimerActive                      0x00003c87   Thumb Code    56  timers.o(.text)
    pvTimerGetTimerID                        0x00003cbf   Thumb Code    44  timers.o(.text)
    vTimerSetTimerID                         0x00003ceb   Thumb Code    44  timers.o(.text)
    xTimerPendFunctionCallFromISR            0x00003d17   Thumb Code    48  timers.o(.text)
    xTimerPendFunctionCall                   0x00003d47   Thumb Code    76  timers.o(.text)
    UART0_Recieve                            0x00003da5   Thumb Code    20  uart.o(.text)
    UART0_Transmit                           0x00003db9   Thumb Code    18  uart.o(.text)
    UART0_TransmitString                     0x00003dcb   Thumb Code    30  uart.o(.text)
    UARTInit                                 0x00003de9   Thumb Code    96  uart.o(.text)
    UARTprintf                               0x00003e49   Thumb Code    66  uart.o(.text)
    vMainAssertCalled                        0x00003ea1   Thumb Code    22  port.o(.text)
    pxPortInitialiseStack                    0x00003ef3   Thumb Code    34  port.o(.text)
    vPortSetupTimerInterrupt                 0x00003f15   Thumb Code    76  port.o(.text)
    xPortStartScheduler                      0x00003f61   Thumb Code   288  port.o(.text)
    vPortEndScheduler                        0x00004081   Thumb Code    42  port.o(.text)
    vPortEnterCritical                       0x000040ab   Thumb Code    80  port.o(.text)
    vPortExitCritical                        0x000040fb   Thumb Code    56  port.o(.text)
    xPortSysTickHandler                      0x00004133   Thumb Code    50  port.o(.text)
    vPortSuppressTicksAndSleep               0x00004165   Thumb Code   360  port.o(.text)
    vPortValidateInterruptPriority           0x000042cd   Thumb Code   108  port.o(.text)
    __c89vsnprintf                           0x00004345   Thumb Code    48  c89vsnprintf.o(.text)
    __aeabi_memcpy                           0x00004379   Thumb Code     0  rt_memcpy_v6.o(.text)
    __rt_memcpy                              0x00004379   Thumb Code   138  rt_memcpy_v6.o(.text)
    _memcpy_lastbytes                        0x000043df   Thumb Code     0  rt_memcpy_v6.o(.text)
    __aeabi_memset                           0x00004403   Thumb Code    16  aeabi_memset.o(.text)
    __use_two_region_memory                  0x00004413   Thumb Code     2  heapauxi.o(.text)
    __rt_heap_escrow$2region                 0x00004415   Thumb Code     2  heapauxi.o(.text)
    __rt_heap_expand$2region                 0x00004417   Thumb Code     2  heapauxi.o(.text)
    _printf_pre_padding                      0x00004419   Thumb Code    46  _printf_pad.o(.text)
    _printf_post_padding                     0x00004447   Thumb Code    36  _printf_pad.o(.text)
    _printf_truncate_signed                  0x0000446b   Thumb Code    18  _printf_truncate.o(.text)
    _printf_truncate_unsigned                0x0000447d   Thumb Code    18  _printf_truncate.o(.text)
    _printf_str                              0x0000448f   Thumb Code    82  _printf_str.o(.text)
    _printf_int_dec                          0x000044e1   Thumb Code   102  _printf_dec.o(.text)
    _printf_charcount                        0x00004559   Thumb Code    42  _printf_charcount.o(.text)
    _printf_char_common                      0x0000458f   Thumb Code    32  _printf_char_common.o(.text)
    _sputc                                   0x000045b5   Thumb Code    10  _sputc.o(.text)
    _snputc                                  0x000045bf   Thumb Code    16  _snputc.o(.text)
    _printf_wctomb                           0x000045d1   Thumb Code   182  _printf_wctomb.o(.text)
    _printf_longlong_dec                     0x0000468d   Thumb Code   104  _printf_longlong_dec.o(.text)
    _printf_longlong_oct                     0x00004705   Thumb Code    76  _printf_oct_int_ll.o(.text)
    _printf_int_oct                          0x00004751   Thumb Code    24  _printf_oct_int_ll.o(.text)
    _printf_ll_oct                           0x00004769   Thumb Code    12  _printf_oct_int_ll.o(.text)
    _printf_longlong_hex                     0x0000477d   Thumb Code    92  _printf_hex_int_ll_ptr.o(.text)
    _printf_int_hex                          0x000047d9   Thumb Code    28  _printf_hex_int_ll_ptr.o(.text)
    _printf_ll_hex                           0x000047f5   Thumb Code    12  _printf_hex_int_ll_ptr.o(.text)
    _printf_hex_ptr                          0x00004801   Thumb Code    18  _printf_hex_int_ll_ptr.o(.text)
    __printf                                 0x00004819   Thumb Code   390  __printf_flags_ss_wp.o(.text)
    __aeabi_memcpy4                          0x000049a5   Thumb Code     0  rt_memcpy_w.o(.text)
    __aeabi_memcpy8                          0x000049a5   Thumb Code     0  rt_memcpy_w.o(.text)
    __rt_memcpy_w                            0x000049a5   Thumb Code   100  rt_memcpy_w.o(.text)
    _memcpy_lastbytes_aligned                0x000049ed   Thumb Code     0  rt_memcpy_w.o(.text)
    __aeabi_memclr                           0x00004a09   Thumb Code     0  rt_memclr.o(.text)
    __rt_memclr                              0x00004a09   Thumb Code    68  rt_memclr.o(.text)
    _memset                                  0x00004a0d   Thumb Code     0  rt_memclr.o(.text)
    _ll_udiv10                               0x00004a4d   Thumb Code   138  lludiv10.o(.text)
    _printf_int_common                       0x00004ad7   Thumb Code   184  _printf_intcommon.o(.text)
    __lib_sel_fp_printf                      0x00004b8f   Thumb Code     2  _printf_fp_dec.o(.text)
    _printf_fp_dec_real                      0x00004d3b   Thumb Code   628  _printf_fp_dec.o(.text)
    _printf_cs_common                        0x00004faf   Thumb Code    20  _printf_char.o(.text)
    _printf_char                             0x00004fc3   Thumb Code    16  _printf_char.o(.text)
    _printf_string                           0x00004fd3   Thumb Code     8  _printf_char.o(.text)
    _printf_lcs_common                       0x00004fdb   Thumb Code    20  _printf_wchar.o(.text)
    _printf_wchar                            0x00004fef   Thumb Code    16  _printf_wchar.o(.text)
    _printf_wstring                          0x00004fff   Thumb Code     8  _printf_wchar.o(.text)
    _wcrtomb                                 0x00005007   Thumb Code    64  _wcrtomb.o(.text)
    __aeabi_memclr4                          0x00005047   Thumb Code     0  rt_memclr_w.o(.text)
    __aeabi_memclr8                          0x00005047   Thumb Code     0  rt_memclr_w.o(.text)
    __rt_memclr_w                            0x00005047   Thumb Code    78  rt_memclr_w.o(.text)
    _memset_w                                0x0000504b   Thumb Code     0  rt_memclr_w.o(.text)
    __user_setup_stackheap                   0x00005095   Thumb Code    74  sys_stackheap_outer.o(.text)
    __rt_ctype_table                         0x000050e1   Thumb Code    16  rt_ctype_table.o(.text)
    __rt_locale                              0x000050f1   Thumb Code     8  rt_locale_intlibspace.o(.text)
    _printf_fp_infnan                        0x000050f9   Thumb Code   112  _printf_fp_infnan.o(.text)
    _btod_etento                             0x00005179   Thumb Code   222  bigflt0.o(.text)
    exit                                     0x0000525d   Thumb Code    12  exit.o(.text)
    __user_libspace                          0x00005269   Thumb Code     8  libspace.o(.text)
    __user_perproc_libspace                  0x00005269   Thumb Code     0  libspace.o(.text)
    __user_perthread_libspace                0x00005269   Thumb Code     0  libspace.o(.text)
    strcmp                                   0x00005271   Thumb Code   128  strcmpv7m.o(.text)
    _sys_exit                                0x000052f1   Thumb Code     8  sys_exit.o(.text)
    __I$use$semihosting                      0x000052fd   Thumb Code     0  use_no_semi.o(.text)
    __use_no_semihosting_swi                 0x000052fd   Thumb Code     2  use_no_semi.o(.text)
    __semihosting_library_function           0x000052ff   Thumb Code     0  indicate_semi.o(.text)
    _btod_d2e                                0x000052ff   Thumb Code    62  btod.o(CL$$btod_d2e)
    _d2e_denorm_low                          0x0000533d   Thumb Code    70  btod.o(CL$$btod_d2e_denorm_low)
    _d2e_norm_op1                            0x00005383   Thumb Code    96  btod.o(CL$$btod_d2e_norm_op1)
    __btod_div_common                        0x000053e3   Thumb Code   696  btod.o(CL$$btod_div_common)
    _e2e                                     0x0000571b   Thumb Code   198  btod.o(CL$$btod_e2e)
    _btod_ediv                               0x000057e1   Thumb Code    40  btod.o(CL$$btod_ediv)
    _btod_emul                               0x00005809   Thumb Code    40  btod.o(CL$$btod_emul)
    __btod_mult_common                       0x00005831   Thumb Code   580  btod.o(CL$$btod_mult_common)
    GPIODirModeSet                           0x00005a75   Thumb Code    40  gpio.o(i.GPIODirModeSet)
    GPIOPadConfigSet                         0x00005a9d   Thumb Code   354  gpio.o(i.GPIOPadConfigSet)
    GPIOPinTypeGPIOOutput                    0x00005c0d   Thumb Code    28  gpio.o(i.GPIOPinTypeGPIOOutput)
    SysCtlPeripheralEnable                   0x00005c29   Thumb Code    36  sysctl.o(i.SysCtlPeripheralEnable)
    SysCtlPeripheralReady                    0x00005c51   Thumb Code    40  sysctl.o(i.SysCtlPeripheralReady)
    __ARM_fpclassify                         0x00005c7d   Thumb Code    48  fpclassify.o(i.__ARM_fpclassify)
    _is_digit                                0x00005cad   Thumb Code    14  __printf_wp.o(i._is_digit)
    _get_lc_numeric                          0x00005cbd   Thumb Code    44  lc_numeric_c.o(locale$$code)
    _get_lc_ctype                            0x00005ce9   Thumb Code    44  lc_ctype_c.o(locale$$code)
    _fp_init                                 0x00005d15   Thumb Code    10  fpinit.o(x$fpl$fpinit)
    __fplib_config_fpu_vfp                   0x00005d1d   Thumb Code     0  fpinit.o(x$fpl$fpinit)
    __fplib_config_pureend_doubles           0x00005d1d   Thumb Code     0  fpinit.o(x$fpl$fpinit)
    _printf_fp_dec                           0x00005d1f   Thumb Code     4  printf1.o(x$fpl$printf1)
    __I$use$fp                               0x00005d22   Number         0  usenofp.o(x$fpl$usenofp)
    Region$$Table$$Base                      0x00005dfc   Number         0  anon$$obj.o(Region$$Table)
    Region$$Table$$Limit                     0x00005e1c   Number         0  anon$$obj.o(Region$$Table)
    __ctype                                  0x00005e45   Data           0  lc_ctype_c.o(locale$$data)
    evg_h                                    0x20000020   Data           4  main.o(.data)
    uxBits                                   0x20000024   Data           4  main.o(.data)
    SystemCoreClock                          0x20000028   Data           4  system_tm4c123.o(.data)
    pxCurrentTCB                             0x2000002c   Data           4  tasks.o(.data)
    __libspace_start                         0x20002980   Data          96  libspace.o(.bss)
    __temporary_stack_top$libspace           0x200029e0   Data           0  libspace.o(.bss)



==============================================================================

Memory Map of the image

  Image Entry point : 0x00001a45

  Load Region LR_1 (Base: 0x00000000, Size: 0x00005fd8, Max: 0xffffffff, ABSOLUTE)

    Execution Region ER_RO (Base: 0x00000000, Size: 0x00005f48, Max: 0xffffffff, ABSOLUTE)

    Base Addr    Size         Type   Attr      Idx    E Section Name        Object

    0x00000000   0x0000026c   Data   RO          214    RESET               startup_tm4c123.o
    0x0000026c   0x00000008   Code   RO         1178  * !!!main             c_w.l(__main.o)
    0x00000274   0x00000034   Code   RO         1495    !!!scatter          c_w.l(__scatter.o)
    0x000002a8   0x0000001a   Code   RO         1497    !!handler_copy      c_w.l(__scatter_copy.o)
    0x000002c2   0x00000002   PAD
    0x000002c4   0x0000001c   Code   RO         1499    !!handler_zi        c_w.l(__scatter_zi.o)
    0x000002e0   0x00000000   Code   RO         1264    .ARM.Collect$$_printf_percent$$00000000  c_w.l(_printf_percent.o)
    0x000002e0   0x00000006   Code   RO         1253    .ARM.Collect$$_printf_percent$$00000001  c_w.l(_printf_n.o)
    0x000002e6   0x00000006   Code   RO         1255    .ARM.Collect$$_printf_percent$$00000002  c_w.l(_printf_p.o)
    0x000002ec   0x00000006   Code   RO         1260    .ARM.Collect$$_printf_percent$$00000003  c_w.l(_printf_f.o)
    0x000002f2   0x00000006   Code   RO         1261    .ARM.Collect$$_printf_percent$$00000004  c_w.l(_printf_e.o)
    0x000002f8   0x00000006   Code   RO         1262    .ARM.Collect$$_printf_percent$$00000005  c_w.l(_printf_g.o)
    0x000002fe   0x00000006   Code   RO         1263    .ARM.Collect$$_printf_percent$$00000006  c_w.l(_printf_a.o)
    0x00000304   0x0000000a   Code   RO         1268    .ARM.Collect$$_printf_percent$$00000007  c_w.l(_printf_ll.o)
    0x0000030e   0x00000006   Code   RO         1257    .ARM.Collect$$_printf_percent$$00000008  c_w.l(_printf_i.o)
    0x00000314   0x00000006   Code   RO         1258    .ARM.Collect$$_printf_percent$$00000009  c_w.l(_printf_d.o)
    0x0000031a   0x00000006   Code   RO         1259    .ARM.Collect$$_printf_percent$$0000000A  c_w.l(_printf_u.o)
    0x00000320   0x00000006   Code   RO         1256    .ARM.Collect$$_printf_percent$$0000000B  c_w.l(_printf_o.o)
    0x00000326   0x00000006   Code   RO         1254    .ARM.Collect$$_printf_percent$$0000000C  c_w.l(_printf_x.o)
    0x0000032c   0x00000006   Code   RO         1265    .ARM.Collect$$_printf_percent$$0000000D  c_w.l(_printf_lli.o)
    0x00000332   0x00000006   Code   RO         1266    .ARM.Collect$$_printf_percent$$0000000E  c_w.l(_printf_lld.o)
    0x00000338   0x00000006   Code   RO         1267    .ARM.Collect$$_printf_percent$$0000000F  c_w.l(_printf_llu.o)
    0x0000033e   0x00000006   Code   RO         1272    .ARM.Collect$$_printf_percent$$00000010  c_w.l(_printf_llo.o)
    0x00000344   0x00000006   Code   RO         1273    .ARM.Collect$$_printf_percent$$00000011  c_w.l(_printf_llx.o)
    0x0000034a   0x0000000a   Code   RO         1269    .ARM.Collect$$_printf_percent$$00000012  c_w.l(_printf_l.o)
    0x00000354   0x00000006   Code   RO         1251    .ARM.Collect$$_printf_percent$$00000013  c_w.l(_printf_c.o)
    0x0000035a   0x00000006   Code   RO         1252    .ARM.Collect$$_printf_percent$$00000014  c_w.l(_printf_s.o)
    0x00000360   0x00000006   Code   RO         1270    .ARM.Collect$$_printf_percent$$00000015  c_w.l(_printf_lc.o)
    0x00000366   0x00000006   Code   RO         1271    .ARM.Collect$$_printf_percent$$00000016  c_w.l(_printf_ls.o)
    0x0000036c   0x00000004   Code   RO         1307    .ARM.Collect$$_printf_percent$$00000017  c_w.l(_printf_percent_end.o)
    0x00000370   0x00000002   Code   RO         1358    .ARM.Collect$$libinit$$00000000  c_w.l(libinit.o)
    0x00000372   0x00000004   Code   RO         1374    .ARM.Collect$$libinit$$00000001  c_w.l(libinit2.o)
    0x00000376   0x00000000   Code   RO         1378    .ARM.Collect$$libinit$$00000008  c_w.l(libinit2.o)
    0x00000376   0x00000000   Code   RO         1380    .ARM.Collect$$libinit$$0000000A  c_w.l(libinit2.o)
    0x00000376   0x00000000   Code   RO         1382    .ARM.Collect$$libinit$$0000000C  c_w.l(libinit2.o)
    0x00000376   0x00000006   Code   RO         1383    .ARM.Collect$$libinit$$0000000D  c_w.l(libinit2.o)
    0x0000037c   0x00000000   Code   RO         1385    .ARM.Collect$$libinit$$0000000F  c_w.l(libinit2.o)
    0x0000037c   0x0000000c   Code   RO         1386    .ARM.Collect$$libinit$$00000010  c_w.l(libinit2.o)
    0x00000388   0x00000000   Code   RO         1387    .ARM.Collect$$libinit$$00000011  c_w.l(libinit2.o)
    0x00000388   0x00000000   Code   RO         1389    .ARM.Collect$$libinit$$00000013  c_w.l(libinit2.o)
    0x00000388   0x0000000a   Code   RO         1390    .ARM.Collect$$libinit$$00000014  c_w.l(libinit2.o)
    0x00000392   0x00000000   Code   RO         1391    .ARM.Collect$$libinit$$00000015  c_w.l(libinit2.o)
    0x00000392   0x00000000   Code   RO         1393    .ARM.Collect$$libinit$$00000017  c_w.l(libinit2.o)
    0x00000392   0x00000000   Code   RO         1395    .ARM.Collect$$libinit$$00000019  c_w.l(libinit2.o)
    0x00000392   0x00000000   Code   RO         1397    .ARM.Collect$$libinit$$0000001B  c_w.l(libinit2.o)
    0x00000392   0x00000000   Code   RO         1399    .ARM.Collect$$libinit$$0000001D  c_w.l(libinit2.o)
    0x00000392   0x00000000   Code   RO         1401    .ARM.Collect$$libinit$$0000001F  c_w.l(libinit2.o)
    0x00000392   0x00000000   Code   RO         1403    .ARM.Collect$$libinit$$00000021  c_w.l(libinit2.o)
    0x00000392   0x00000000   Code   RO         1405    .ARM.Collect$$libinit$$00000023  c_w.l(libinit2.o)
    0x00000392   0x00000000   Code   RO         1409    .ARM.Collect$$libinit$$0000002A  c_w.l(libinit2.o)
    0x00000392   0x00000000   Code   RO         1411    .ARM.Collect$$libinit$$0000002C  c_w.l(libinit2.o)
    0x00000392   0x00000000   Code   RO         1413    .ARM.Collect$$libinit$$0000002E  c_w.l(libinit2.o)
    0x00000392   0x00000000   Code   RO         1415    .ARM.Collect$$libinit$$00000030  c_w.l(libinit2.o)
    0x00000392   0x00000002   Code   RO         1416    .ARM.Collect$$libinit$$00000031  c_w.l(libinit2.o)
    0x00000394   0x00000002   Code   RO         1436    .ARM.Collect$$libshutdown$$00000000  c_w.l(libshutdown.o)
    0x00000396   0x00000000   Code   RO         1450    .ARM.Collect$$libshutdown$$00000003  c_w.l(libshutdown2.o)
    0x00000396   0x00000000   Code   RO         1453    .ARM.Collect$$libshutdown$$00000006  c_w.l(libshutdown2.o)
    0x00000396   0x00000000   Code   RO         1456    .ARM.Collect$$libshutdown$$00000009  c_w.l(libshutdown2.o)
    0x00000396   0x00000000   Code   RO         1458    .ARM.Collect$$libshutdown$$0000000B  c_w.l(libshutdown2.o)
    0x00000396   0x00000000   Code   RO         1461    .ARM.Collect$$libshutdown$$0000000E  c_w.l(libshutdown2.o)
    0x00000396   0x00000002   Code   RO         1462    .ARM.Collect$$libshutdown$$0000000F  c_w.l(libshutdown2.o)
    0x00000398   0x00000000   Code   RO         1180    .ARM.Collect$$rtentry$$00000000  c_w.l(rtentry.o)
    0x00000398   0x00000000   Code   RO         1281    .ARM.Collect$$rtentry$$00000002  c_w.l(rtentry2.o)
    0x00000398   0x00000006   Code   RO         1293    .ARM.Collect$$rtentry$$00000004  c_w.l(rtentry4.o)
    0x0000039e   0x00000000   Code   RO         1283    .ARM.Collect$$rtentry$$00000009  c_w.l(rtentry2.o)
    0x0000039e   0x00000004   Code   RO         1284    .ARM.Collect$$rtentry$$0000000A  c_w.l(rtentry2.o)
    0x000003a2   0x00000000   Code   RO         1286    .ARM.Collect$$rtentry$$0000000C  c_w.l(rtentry2.o)
    0x000003a2   0x00000008   Code   RO         1287    .ARM.Collect$$rtentry$$0000000D  c_w.l(rtentry2.o)
    0x000003aa   0x00000002   Code   RO         1367    .ARM.Collect$$rtexit$$00000000  c_w.l(rtexit.o)
    0x000003ac   0x00000000   Code   RO         1418    .ARM.Collect$$rtexit$$00000002  c_w.l(rtexit2.o)
    0x000003ac   0x00000004   Code   RO         1419    .ARM.Collect$$rtexit$$00000003  c_w.l(rtexit2.o)
    0x000003b0   0x00000006   Code   RO         1420    .ARM.Collect$$rtexit$$00000004  c_w.l(rtexit2.o)
    0x000003b6   0x00000002   PAD
    0x000003b8   0x000000b6   Code   RO          311    .emb_text           port.o
    0x0000046e   0x00000002   PAD
    0x00000470   0x000004a0   Code   RO           46    .text               event_groups.o
    0x00000910   0x000002b0   Code   RO           82    .text               heap_4.o
    0x00000bc0   0x00000094   Code   RO          152    .text               list.o
    0x00000c54   0x000000cc   Code   RO          164    .text               main.o
    0x00000d20   0x00000d24   Code   RO          197    .text               queue.o
    0x00001a44   0x00000114   Code   RO          215  * .text               startup_tm4c123.o
    0x00001b58   0x0000024c   Code   RO          222    .text               system_tm4c123.o
    0x00001da4   0x000019f8   Code   RO          265    .text               tasks.o
    0x0000379c   0x00000608   Code   RO          284    .text               timers.o
    0x00003da4   0x000000fc   Code   RO          299    .text               uart.o
    0x00003ea0   0x000004a4   Code   RO          312    .text               port.o
    0x00004344   0x00000034   Code   RO         1170    .text               c_w.l(c89vsnprintf.o)
    0x00004378   0x0000008a   Code   RO         1172    .text               c_w.l(rt_memcpy_v6.o)
    0x00004402   0x00000010   Code   RO         1174    .text               c_w.l(aeabi_memset.o)
    0x00004412   0x00000006   Code   RO         1176    .text               c_w.l(heapauxi.o)
    0x00004418   0x00000052   Code   RO         1183    .text               c_w.l(_printf_pad.o)
    0x0000446a   0x00000024   Code   RO         1185    .text               c_w.l(_printf_truncate.o)
    0x0000448e   0x00000052   Code   RO         1187    .text               c_w.l(_printf_str.o)
    0x000044e0   0x00000078   Code   RO         1189    .text               c_w.l(_printf_dec.o)
    0x00004558   0x0000002a   Code   RO         1191    .text               c_w.l(_printf_charcount.o)
    0x00004582   0x00000002   PAD
    0x00004584   0x00000030   Code   RO         1193    .text               c_w.l(_printf_char_common.o)
    0x000045b4   0x0000000a   Code   RO         1195    .text               c_w.l(_sputc.o)
    0x000045be   0x00000010   Code   RO         1197    .text               c_w.l(_snputc.o)
    0x000045ce   0x00000002   PAD
    0x000045d0   0x000000bc   Code   RO         1199    .text               c_w.l(_printf_wctomb.o)
    0x0000468c   0x00000078   Code   RO         1202    .text               c_w.l(_printf_longlong_dec.o)
    0x00004704   0x00000078   Code   RO         1208    .text               c_w.l(_printf_oct_int_ll.o)
    0x0000477c   0x0000009c   Code   RO         1228    .text               c_w.l(_printf_hex_int_ll_ptr.o)
    0x00004818   0x0000018c   Code   RO         1248    .text               c_w.l(__printf_flags_ss_wp.o)
    0x000049a4   0x00000064   Code   RO         1274    .text               c_w.l(rt_memcpy_w.o)
    0x00004a08   0x00000044   Code   RO         1276    .text               c_w.l(rt_memclr.o)
    0x00004a4c   0x0000008a   Code   RO         1295    .text               c_w.l(lludiv10.o)
    0x00004ad6   0x000000b8   Code   RO         1297    .text               c_w.l(_printf_intcommon.o)
    0x00004b8e   0x00000420   Code   RO         1299    .text               c_w.l(_printf_fp_dec.o)
    0x00004fae   0x0000002c   Code   RO         1303    .text               c_w.l(_printf_char.o)
    0x00004fda   0x0000002c   Code   RO         1305    .text               c_w.l(_printf_wchar.o)
    0x00005006   0x00000040   Code   RO         1308    .text               c_w.l(_wcrtomb.o)
    0x00005046   0x0000004e   Code   RO         1310    .text               c_w.l(rt_memclr_w.o)
    0x00005094   0x0000004a   Code   RO         1312    .text               c_w.l(sys_stackheap_outer.o)
    0x000050de   0x00000002   PAD
    0x000050e0   0x00000010   Code   RO         1314    .text               c_w.l(rt_ctype_table.o)
    0x000050f0   0x00000008   Code   RO         1319    .text               c_w.l(rt_locale_intlibspace.o)
    0x000050f8   0x00000080   Code   RO         1321    .text               c_w.l(_printf_fp_infnan.o)
    0x00005178   0x000000e4   Code   RO         1323    .text               c_w.l(bigflt0.o)
    0x0000525c   0x0000000c   Code   RO         1351    .text               c_w.l(exit.o)
    0x00005268   0x00000008   Code   RO         1364    .text               c_w.l(libspace.o)
    0x00005270   0x00000080   Code   RO         1372    .text               c_w.l(strcmpv7m.o)
    0x000052f0   0x0000000c   Code   RO         1428    .text               c_w.l(sys_exit.o)
    0x000052fc   0x00000002   Code   RO         1439    .text               c_w.l(use_no_semi.o)
    0x000052fe   0x00000000   Code   RO         1441    .text               c_w.l(indicate_semi.o)
    0x000052fe   0x0000003e   Code   RO         1326    CL$$btod_d2e        c_w.l(btod.o)
    0x0000533c   0x00000046   Code   RO         1328    CL$$btod_d2e_denorm_low  c_w.l(btod.o)
    0x00005382   0x00000060   Code   RO         1327    CL$$btod_d2e_norm_op1  c_w.l(btod.o)
    0x000053e2   0x00000338   Code   RO         1336    CL$$btod_div_common  c_w.l(btod.o)
    0x0000571a   0x000000c6   Code   RO         1333    CL$$btod_e2e        c_w.l(btod.o)
    0x000057e0   0x00000028   Code   RO         1330    CL$$btod_ediv       c_w.l(btod.o)
    0x00005808   0x00000028   Code   RO         1329    CL$$btod_emul       c_w.l(btod.o)
    0x00005830   0x00000244   Code   RO         1335    CL$$btod_mult_common  c_w.l(btod.o)
    0x00005a74   0x00000028   Code   RO          362    i.GPIODirModeSet    driverlib.lib(gpio.o)
    0x00005a9c   0x00000170   Code   RO          374    i.GPIOPadConfigSet  driverlib.lib(gpio.o)
    0x00005c0c   0x0000001c   Code   RO          386    i.GPIOPinTypeGPIOOutput  driverlib.lib(gpio.o)
    0x00005c28   0x00000028   Code   RO          728    i.SysCtlPeripheralEnable  driverlib.lib(sysctl.o)
    0x00005c50   0x0000002c   Code   RO          732    i.SysCtlPeripheralReady  driverlib.lib(sysctl.o)
    0x00005c7c   0x00000030   Code   RO         1362    i.__ARM_fpclassify  m_wm.l(fpclassify.o)
    0x00005cac   0x0000000e   Code   RO         1241    i._is_digit         c_w.l(__printf_wp.o)
    0x00005cba   0x00000002   PAD
    0x00005cbc   0x0000002c   Code   RO         1349    locale$$code        c_w.l(lc_numeric_c.o)
    0x00005ce8   0x0000002c   Code   RO         1370    locale$$code        c_w.l(lc_ctype_c.o)
    0x00005d14   0x0000000a   Code   RO         1426    x$fpl$fpinit        fz_wm.l(fpinit.o)
    0x00005d1e   0x00000004   Code   RO         1278    x$fpl$printf1       fz_wm.l(printf1.o)
    0x00005d22   0x00000000   Code   RO         1361    x$fpl$usenofp       fz_wm.l(usenofp.o)
    0x00005d22   0x00000002   PAD
    0x00005d24   0x00000008   Data   RO         1200    .constdata          c_w.l(_printf_wctomb.o)
    0x00005d2c   0x00000028   Data   RO         1229    .constdata          c_w.l(_printf_hex_int_ll_ptr.o)
    0x00005d54   0x00000011   Data   RO         1249    .constdata          c_w.l(__printf_flags_ss_wp.o)
    0x00005d65   0x00000003   PAD
    0x00005d68   0x00000094   Data   RO         1324    .constdata          c_w.l(bigflt0.o)
    0x00005dfc   0x00000020   Data   RO         1493    Region$$Table       anon$$obj.o
    0x00005e1c   0x0000001c   Data   RO         1348    locale$$data        c_w.l(lc_numeric_c.o)
    0x00005e38   0x00000110   Data   RO         1369    locale$$data        c_w.l(lc_ctype_c.o)


    Execution Region ER_RW (Base: 0x20000000, Size: 0x00000090, Max: 0xffffffff, ABSOLUTE)

    Base Addr    Size         Type   Attr      Idx    E Section Name        Object

    0x20000000   0x00000018   Data   RW           84    .data               heap_4.o
    0x20000018   0x00000010   Data   RW          165    .data               main.o
    0x20000028   0x00000004   Data   RW          223    .data               system_tm4c123.o
    0x2000002c   0x0000003c   Data   RW          267    .data               tasks.o
    0x20000068   0x00000010   Data   RW          286    .data               timers.o
    0x20000078   0x00000018   Data   RW          313    .data               port.o


    Execution Region ER_ZI (Base: 0x20000090, Size: 0x00002b50, Max: 0xffffffff, ABSOLUTE)

    Base Addr    Size         Type   Attr      Idx    E Section Name        Object

    0x20000090   0x00002800   Zero   RW           83    .bss                heap_4.o
    0x20002890   0x000000c8   Zero   RW          266    .bss                tasks.o
    0x20002958   0x00000028   Zero   RW          285    .bss                timers.o
    0x20002980   0x00000060   Zero   RW         1365    .bss                c_w.l(libspace.o)
    0x200029e0   0x00000000   Zero   RW          213    HEAP                startup_tm4c123.o
    0x200029e0   0x00000200   Zero   RW          212    STACK               startup_tm4c123.o


==============================================================================

Image component sizes


      Code (inc. data)   RO Data    RW Data    ZI Data      Debug   Object Name

         0          0          0          0          0      11108   croutine.o
      1184          4          0          0          0      19232   event_groups.o
       688         24          0         24      10240       8649   heap_4.o
         0          0          0          0          0        524   lcd.o
       148          0          0          0          0       1818   list.o
       204         56          0         16          0       4654   main.o
      1370         76          0         24          0      11864   port.o
      3364          8          0          0          0      15941   queue.o
       276         24        620          0        512       5408   startup_tm4c123.o
       588        136          0          4          0       1393   system_tm4c123.o
      6648        364          0         60        200      25539   tasks.o
      1544         58          0         16         40       8290   timers.o
       252         22          0          0          0       1420   uart.o

    ----------------------------------------------------------------------
     16268        772        652        144      10992     115840   Object Totals
         0          0         32          0          0          0   (incl. Generated)
         2          0          0          0          0          0   (incl. Padding)

    ----------------------------------------------------------------------

      Code (inc. data)   RO Data    RW Data    ZI Data      Debug   Library Member Name

         8          0          0          0          0         68   __main.o
       396          6         17          0          0         92   __printf_flags_ss_wp.o
        14          0          0          0          0         68   __printf_wp.o
        52          8          0          0          0          0   __scatter.o
        26          0          0          0          0          0   __scatter_copy.o
        28          0          0          0          0          0   __scatter_zi.o
         6          0          0          0          0          0   _printf_a.o
         6          0          0          0          0          0   _printf_c.o
        44          0          0          0          0        108   _printf_char.o
        48          6          0          0          0         96   _printf_char_common.o
        42          0          0          0          0         68   _printf_charcount.o
         6          0          0          0          0          0   _printf_d.o
       120         18          0          0          0         92   _printf_dec.o
         6          0          0          0          0          0   _printf_e.o
         6          0          0          0          0          0   _printf_f.o
      1056          0          0          0          0        216   _printf_fp_dec.o
       128         16          0          0          0         84   _printf_fp_infnan.o
         6          0          0          0          0          0   _printf_g.o
       156          6         40          0          0        160   _printf_hex_int_ll_ptr.o
         6          0          0          0          0          0   _printf_i.o
       184          0          0          0          0         88   _printf_intcommon.o
        10          0          0          0          0          0   _printf_l.o
         6          0          0          0          0          0   _printf_lc.o
        10          0          0          0          0          0   _printf_ll.o
         6          0          0          0          0          0   _printf_lld.o
         6          0          0          0          0          0   _printf_lli.o
         6          0          0          0          0          0   _printf_llo.o
         6          0          0          0          0          0   _printf_llu.o
         6          0          0          0          0          0   _printf_llx.o
       120         16          0          0          0         92   _printf_longlong_dec.o
         6          0          0          0          0          0   _printf_ls.o
         6          0          0          0          0          0   _printf_n.o
         6          0          0          0          0          0   _printf_o.o
       120          8          0          0          0        124   _printf_oct_int_ll.o
         6          0          0          0          0          0   _printf_p.o
        82          0          0          0          0        108   _printf_pad.o
         0          0          0          0          0          0   _printf_percent.o
         4          0          0          0          0          0   _printf_percent_end.o
         6          0          0          0          0          0   _printf_s.o
        82          0          0          0          0         80   _printf_str.o
        36          0          0          0          0         84   _printf_truncate.o
         6          0          0          0          0          0   _printf_u.o
        44          0          0          0          0        108   _printf_wchar.o
       188          6          8          0          0         92   _printf_wctomb.o
         6          0          0          0          0          0   _printf_x.o
        16          0          0          0          0         68   _snputc.o
        10          0          0          0          0         68   _sputc.o
        64          0          0          0          0         92   _wcrtomb.o
        16          0          0          0          0         68   aeabi_memset.o
       228          6        148          0          0         96   bigflt0.o
      1910        128          0          0          0        672   btod.o
        52          4          0          0          0         80   c89vsnprintf.o
        12          0          0          0          0         72   exit.o
         6          0          0          0          0        152   heapauxi.o
         0          0          0          0          0          0   indicate_semi.o
        44         10        272          0          0         76   lc_ctype_c.o
        44         10         28          0          0         76   lc_numeric_c.o
         2          0          0          0          0          0   libinit.o
        34          0          0          0          0          0   libinit2.o
         2          0          0          0          0          0   libshutdown.o
         2          0          0          0          0          0   libshutdown2.o
         8          4          0          0         96         68   libspace.o
       138          0          0          0          0         80   lludiv10.o
        16          4          0          0          0         76   rt_ctype_table.o
         8          4          0          0          0         68   rt_locale_intlibspace.o
        68          0          0          0          0         68   rt_memclr.o
        78          0          0          0          0         80   rt_memclr_w.o
       138          0          0          0          0         68   rt_memcpy_v6.o
       100          0          0          0          0         80   rt_memcpy_w.o
         0          0          0          0          0          0   rtentry.o
        12          0          0          0          0          0   rtentry2.o
         6          0          0          0          0          0   rtentry4.o
         2          0          0          0          0          0   rtexit.o
        10          0          0          0          0          0   rtexit2.o
       128          0          0          0          0         68   strcmpv7m.o
        12          4          0          0          0         68   sys_exit.o
        74          0          0          0          0         80   sys_stackheap_outer.o
         2          0          0          0          0         68   use_no_semi.o
       436         14          0          0          0       5824   gpio.o
        84          8          0          0          0       1021   sysctl.o
        10          0          0          0          0        116   fpinit.o
         4          0          0          0          0        116   printf1.o
         0          0          0          0          0          0   usenofp.o
        48          0          0          0          0        124   fpclassify.o

    ----------------------------------------------------------------------
      6956        286        516          0         96      11421   Library Totals
        14          0          3          0          0          0   (incl. Padding)

    ----------------------------------------------------------------------

      Code (inc. data)   RO Data    RW Data    ZI Data      Debug   Library Name

      6360        264        513          0         96       4220   c_w.l
       520         22          0          0          0       6845   driverlib.lib
        14          0          0          0          0        232   fz_wm.l
        48          0          0          0          0        124   m_wm.l

    ----------------------------------------------------------------------
      6956        286        516          0         96      11421   Library Totals

    ----------------------------------------------------------------------

==============================================================================


      Code (inc. data)   RO Data    RW Data    ZI Data      Debug   

     23224       1058       1168        144      11088     121617   Grand Totals
     23224       1058       1168        144      11088     121617   ELF Image Totals
     23224       1058       1168        144          0          0   ROM Totals

==============================================================================

    Total RO  Size (Code + RO Data)                24392 (  23.82kB)
    Total RW  Size (RW Data + ZI Data)             11232 (  10.97kB)
    Total ROM Size (Code + RO Data + RW Data)      24536 (  23.96kB)

==============================================================================

